

================================================================
== Vivado HLS Report for 'convolution2D'
================================================================
* Date:           Sun Jun 11 23:48:25 2017

* Version:        2017.1 (Build 1846317 on Fri Apr 14 19:19:38 MDT 2017)
* Project:        IP_1
* Solution:       0_axi4
* Product family: zynq
* Target device:  xc7z020clg484-1


================================================================
== Performance Estimates
================================================================
+ Timing (ns): 
    * Summary: 
    +--------+-------+----------+------------+
    |  Clock | Target| Estimated| Uncertainty|
    +--------+-------+----------+------------+
    |ap_clk  |  10.00|      8.75|        1.25|
    +--------+-------+----------+------------+

+ Latency (clock cycles): 
    * Summary: 
    +-----+-----+-----+-----+---------+
    |  Latency  |  Interval | Pipeline|
    | min | max | min | max |   Type  |
    +-----+-----+-----+-----+---------+
    |  133|  133|  133|  133|   none  |
    +-----+-----+-----+-----+---------+

    + Detail: 
        * Instance: 
        N/A

        * Loop: 
        +-------------+-----+-----+----------+-----------+-----------+------+----------+
        |             |  Latency  | Iteration|  Initiation Interval  | Trip |          |
        |  Loop Name  | min | max |  Latency |  achieved |   target  | Count| Pipelined|
        +-------------+-----+-----+----------+-----------+-----------+------+----------+
        |- Loop 1     |  132|  132|        44|          -|          -|     3|    no    |
        | + Loop 1.1  |   42|   42|        14|          -|          -|     3|    no    |
        +-------------+-----+-----+----------+-----------+-----------+------+----------+



================================================================
== Utilization Estimates
================================================================
* Summary: 
+-----------------+---------+-------+--------+-------+
|       Name      | BRAM_18K| DSP48E|   FF   |  LUT  |
+-----------------+---------+-------+--------+-------+
|DSP              |        -|      -|       -|      -|
|Expression       |        -|      -|       0|    166|
|FIFO             |        -|      -|       -|      -|
|Instance         |        -|      4|     166|     49|
|Memory           |        -|      -|       -|      -|
|Multiplexer      |        -|      -|       -|    139|
|Register         |        -|      -|     163|      -|
+-----------------+---------+-------+--------+-------+
|Total            |        0|      4|     329|    354|
+-----------------+---------+-------+--------+-------+
|Available        |      280|    220|  106400|  53200|
+-----------------+---------+-------+--------+-------+
|Utilization (%)  |        0|      1|   ~0   |   ~0  |
+-----------------+---------+-------+--------+-------+

+ Detail: 
    * Instance: 
    +-------------------------+----------------------+---------+-------+-----+----+
    |         Instance        |        Module        | BRAM_18K| DSP48E|  FF | LUT|
    +-------------------------+----------------------+---------+-------+-----+----+
    |sobel_mul_8ns_32sbkb_U0  |sobel_mul_8ns_32sbkb  |        0|      4|  166|  49|
    +-------------------------+----------------------+---------+-------+-----+----+
    |Total                    |                      |        0|      4|  166|  49|
    +-------------------------+----------------------+---------+-------+-----+----+

    * DSP48: 
    N/A

    * Memory: 
    N/A

    * FIFO: 
    N/A

    * Expression: 
    +---------------------+----------+-------+---+----+------------+------------+
    |    Variable Name    | Operation| DSP48E| FF| LUT| Bitwidth P0| Bitwidth P1|
    +---------------------+----------+-------+---+----+------------+------------+
    |i_2_fu_181_p2        |     +    |      0|  0|  12|           3|           1|
    |j_2_fu_135_p2        |     +    |      0|  0|  12|           3|           1|
    |res_1_fu_237_p2      |     +    |      0|  0|  39|          32|          32|
    |sum1_fu_213_p2       |     +    |      0|  0|  39|          32|          32|
    |sum_fu_175_p2        |     +    |      0|  0|  29|          22|          22|
    |tmp5_fu_155_p2       |     +    |      0|  0|  17|          10|          10|
    |tmp_1_fu_205_p2      |     +    |      0|  0|   8|           5|           5|
    |tmp_s_fu_199_p2      |     -    |      0|  0|   8|           5|           5|
    |exitcond1_fu_129_p2  |   icmp   |      0|  0|   1|           3|           2|
    |exitcond_fu_145_p2   |   icmp   |      0|  0|   1|           3|           2|
    +---------------------+----------+-------+---+----+------------+------------+
    |Total                |          |      0|  0| 166|         118|         112|
    +---------------------+----------+-------+---+----+------------+------------+

    * Multiplexer: 
    +--------------------------------------+----+-----------+-----+-----------+
    |                 Name                 | LUT| Input Size| Bits| Total Bits|
    +--------------------------------------+----+-----------+-----+-----------+
    |ap_NS_fsm                             |  85|         17|    1|         17|
    |ap_sig_ioackin_m_axi_input_r_ARREADY  |   9|          2|    1|          2|
    |i_reg_110                             |   9|          2|    3|          6|
    |input_r_blk_n_AR                      |   9|          2|    1|          2|
    |input_r_blk_n_R                       |   9|          2|    1|          2|
    |j_reg_98                              |   9|          2|    3|          6|
    |res_fu_52                             |   9|          2|   32|         64|
    +--------------------------------------+----+-----------+-----+-----------+
    |Total                                 | 139|         29|   42|         99|
    +--------------------------------------+----+-----------+-----+-----------+

    * Register: 
    +--------------------------------------+----+----+-----+-----------+
    |                 Name                 | FF | LUT| Bits| Const Bits|
    +--------------------------------------+----+----+-----+-----------+
    |ap_CS_fsm                             |  16|   0|   16|          0|
    |ap_reg_ioackin_m_axi_input_r_ARREADY  |   1|   0|    1|          0|
    |i_2_reg_290                           |   3|   0|    3|          0|
    |i_reg_110                             |   3|   0|    3|          0|
    |input_addr_read_reg_306               |   8|   0|    8|          0|
    |input_addr_reg_300                    |  32|   0|   32|          0|
    |j_2_cast_reg_277                      |   3|   0|    5|          2|
    |j_2_reg_272                           |   3|   0|    3|          0|
    |j_reg_98                              |   3|   0|    3|          0|
    |res_fu_52                             |  32|   0|   32|          0|
    |sum_reg_285                           |  22|   0|   22|          0|
    |tmp_1_reg_295                         |   5|   0|    5|          0|
    |tmp_4_reg_326                         |  32|   0|   32|          0|
    +--------------------------------------+----+----+-----+-----------+
    |Total                                 | 163|   0|  165|          2|
    +--------------------------------------+----+----+-----+-----------+



================================================================
== Interface
================================================================
* Summary: 
+------------------------+-----+-----+------------+---------------+--------------+
|        RTL Ports       | Dir | Bits|  Protocol  | Source Object |    C Type    |
+------------------------+-----+-----+------------+---------------+--------------+
|ap_clk                  |  in |    1| ap_ctrl_hs | convolution2D | return value |
|ap_rst                  |  in |    1| ap_ctrl_hs | convolution2D | return value |
|ap_start                |  in |    1| ap_ctrl_hs | convolution2D | return value |
|ap_done                 | out |    1| ap_ctrl_hs | convolution2D | return value |
|ap_idle                 | out |    1| ap_ctrl_hs | convolution2D | return value |
|ap_ready                | out |    1| ap_ctrl_hs | convolution2D | return value |
|ap_return               | out |   32| ap_ctrl_hs | convolution2D | return value |
|posy                    |  in |   10|   ap_none  |      posy     |    scalar    |
|posx                    |  in |   10|   ap_none  |      posx     |    scalar    |
|m_axi_input_r_AWVALID   | out |    1|    m_axi   |    input_r    |    pointer   |
|m_axi_input_r_AWREADY   |  in |    1|    m_axi   |    input_r    |    pointer   |
|m_axi_input_r_AWADDR    | out |   32|    m_axi   |    input_r    |    pointer   |
|m_axi_input_r_AWID      | out |    1|    m_axi   |    input_r    |    pointer   |
|m_axi_input_r_AWLEN     | out |   32|    m_axi   |    input_r    |    pointer   |
|m_axi_input_r_AWSIZE    | out |    3|    m_axi   |    input_r    |    pointer   |
|m_axi_input_r_AWBURST   | out |    2|    m_axi   |    input_r    |    pointer   |
|m_axi_input_r_AWLOCK    | out |    2|    m_axi   |    input_r    |    pointer   |
|m_axi_input_r_AWCACHE   | out |    4|    m_axi   |    input_r    |    pointer   |
|m_axi_input_r_AWPROT    | out |    3|    m_axi   |    input_r    |    pointer   |
|m_axi_input_r_AWQOS     | out |    4|    m_axi   |    input_r    |    pointer   |
|m_axi_input_r_AWREGION  | out |    4|    m_axi   |    input_r    |    pointer   |
|m_axi_input_r_AWUSER    | out |    1|    m_axi   |    input_r    |    pointer   |
|m_axi_input_r_WVALID    | out |    1|    m_axi   |    input_r    |    pointer   |
|m_axi_input_r_WREADY    |  in |    1|    m_axi   |    input_r    |    pointer   |
|m_axi_input_r_WDATA     | out |    8|    m_axi   |    input_r    |    pointer   |
|m_axi_input_r_WSTRB     | out |    1|    m_axi   |    input_r    |    pointer   |
|m_axi_input_r_WLAST     | out |    1|    m_axi   |    input_r    |    pointer   |
|m_axi_input_r_WID       | out |    1|    m_axi   |    input_r    |    pointer   |
|m_axi_input_r_WUSER     | out |    1|    m_axi   |    input_r    |    pointer   |
|m_axi_input_r_ARVALID   | out |    1|    m_axi   |    input_r    |    pointer   |
|m_axi_input_r_ARREADY   |  in |    1|    m_axi   |    input_r    |    pointer   |
|m_axi_input_r_ARADDR    | out |   32|    m_axi   |    input_r    |    pointer   |
|m_axi_input_r_ARID      | out |    1|    m_axi   |    input_r    |    pointer   |
|m_axi_input_r_ARLEN     | out |   32|    m_axi   |    input_r    |    pointer   |
|m_axi_input_r_ARSIZE    | out |    3|    m_axi   |    input_r    |    pointer   |
|m_axi_input_r_ARBURST   | out |    2|    m_axi   |    input_r    |    pointer   |
|m_axi_input_r_ARLOCK    | out |    2|    m_axi   |    input_r    |    pointer   |
|m_axi_input_r_ARCACHE   | out |    4|    m_axi   |    input_r    |    pointer   |
|m_axi_input_r_ARPROT    | out |    3|    m_axi   |    input_r    |    pointer   |
|m_axi_input_r_ARQOS     | out |    4|    m_axi   |    input_r    |    pointer   |
|m_axi_input_r_ARREGION  | out |    4|    m_axi   |    input_r    |    pointer   |
|m_axi_input_r_ARUSER    | out |    1|    m_axi   |    input_r    |    pointer   |
|m_axi_input_r_RVALID    |  in |    1|    m_axi   |    input_r    |    pointer   |
|m_axi_input_r_RREADY    | out |    1|    m_axi   |    input_r    |    pointer   |
|m_axi_input_r_RDATA     |  in |    8|    m_axi   |    input_r    |    pointer   |
|m_axi_input_r_RLAST     |  in |    1|    m_axi   |    input_r    |    pointer   |
|m_axi_input_r_RID       |  in |    1|    m_axi   |    input_r    |    pointer   |
|m_axi_input_r_RUSER     |  in |    1|    m_axi   |    input_r    |    pointer   |
|m_axi_input_r_RRESP     |  in |    2|    m_axi   |    input_r    |    pointer   |
|m_axi_input_r_BVALID    |  in |    1|    m_axi   |    input_r    |    pointer   |
|m_axi_input_r_BREADY    | out |    1|    m_axi   |    input_r    |    pointer   |
|m_axi_input_r_BRESP     |  in |    2|    m_axi   |    input_r    |    pointer   |
|m_axi_input_r_BID       |  in |    1|    m_axi   |    input_r    |    pointer   |
|m_axi_input_r_BUSER     |  in |    1|    m_axi   |    input_r    |    pointer   |
|input1                  |  in |   32|   ap_none  |     input1    |    scalar    |
|operator_address0       | out |    4|  ap_memory |    operator   |     array    |
|operator_ce0            | out |    1|  ap_memory |    operator   |     array    |
|operator_q0             |  in |   32|  ap_memory |    operator   |     array    |
+------------------------+-----+-----+------------+---------------+--------------+

